// Jest Snapshot v1, https://goo.gl/fbAQLP

exports[`VideoPlayer is rendered correctly 1`] = `
<video
  autoPlay={true}
  className="video-title"
  height="185"
  muted={true}
  src="https://player.vimeo.com/external/368010126.sd.mp4?s=ed2b36a42d2ac7b22000ed0f4ea187df7091423b&profile_id=139&oauth2"
  width="280"
/>
`;
