// Jest Snapshot v1, https://goo.gl/fbAQLP

exports[`Render ShowMoreButton correctly There is no showMoreButton 1`] = `null`;

exports[`Render ShowMoreButton correctly There is the showMoreButton 1`] = `
<div
  className="catalog__more"
>
  <button
    className="catalog__button"
    onClick={[Function]}
    type="button"
  >
    Show more
  </button>
</div>
`;
